#
# A fatal error has been detected by the Java Runtime Environment:
#
#  EXCEPTION_ACCESS_VIOLATION (0xc0000005) at pc=0x00007ffc143a2f9b, pid=7208, tid=8432
#
# JRE version: OpenJDK Runtime Environment (24.0.1+9) (build 24.0.1+9-30)
# Java VM: OpenJDK 64-Bit Server VM (24.0.1+9-30, mixed mode, sharing, tiered, compressed oops, compressed class ptrs, g1 gc, windows-amd64)
# Problematic frame:
# C  [libasyncProfiler.dll+0xa2f9b]
#
# No core dump will be written. Minidumps are not enabled by default on client versions of Windows
#
# JFR recording file will be written. Location: C:\Users\PC\Documents\spring-database-hibernate\spring-database-hibernate\hs_err_pid7208.jfr
#
# If you would like to submit a bug report, please visit:
#   https://bugreport.java.com/bugreport/crash.jsp
# The crash happened outside the Java Virtual Machine in native code.
# See problematic frame for where to report the bug.
#

---------------  S U M M A R Y ------------

Command Line: -ea -Didea.test.cyclic.buffer.size=1048576 -javaagent:C:\Program Files\JetBrains\IntelliJ IDEA 2023.3.8\lib\idea_rt.jar=64393:C:\Program Files\JetBrains\IntelliJ IDEA 2023.3.8\bin -agentpath:C:\Users\PC\AppData\Local\Temp\idea_libasyncProfiler_dll_temp_folder\libasyncProfiler.dll=start,jfr,event=wall,interval=10ms,jfrsync=profile,cstack=no,file=C:\Users\PC\IdeaSnapshots\PostRepositoryTest_2025_08_15_085019.jfr,log=C:\Users\PC\AppData\Local\Temp\PostRepositoryTest_2025_08_15_085019.jfr.log.txt,logLevel=DEBUG -Dfile.encoding=UTF-8 -Dsun.stdout.encoding=UTF-8 -Dsun.stderr.encoding=UTF-8 com.intellij.rt.junit.JUnitStarter -ideVersion5 -junit5 sv.edu.udb.repository.PostRepositoryTest

Host: 11th Gen Intel(R) Core(TM) i5-1135G7 @ 2.40GHz, 8 cores, 7G,  Windows 11 , 64 bit Build 26100 (10.0.26100.4768)
Time: Fri Aug 15 08:50:20 2025 Hora estándar central (México) elapsed time: 0.683149 seconds (0d 0h 0m 0s)

---------------  T H R E A D  ---------------

Current thread (0x000002535febe590):  JavaThread "main"             [_thread_in_native, id=8432, stack(0x000000e7f7a00000,0x000000e7f7b00000) (1024K)]

Stack: [0x000000e7f7a00000,0x000000e7f7b00000],  sp=0x000000e7f7afe4a0,  free space=1017k
Native frames: (J=compiled Java code, j=interpreted, Vv=VM code, C=native code)
C  [libasyncProfiler.dll+0xa2f9b]  (no source info available)
C  [libasyncProfiler.dll+0xa335b]  (no source info available)
C  [libasyncProfiler.dll+0xa2184]  (no source info available)
C  [libasyncProfiler.dll+0xa2a67]  (no source info available)
C  [libasyncProfiler.dll+0x9d2ab]  (no source info available)
C  [libasyncProfiler.dll+0x8f1e4]  (no source info available)
C  [libasyncProfiler.dll+0x8da80]  (no source info available)
C  [libasyncProfiler.dll+0x8d954]  (no source info available)
C  [libasyncProfiler.dll+0x9418d]  (no source info available)
V  [jvm.dll+0x5e38de]  (no source info available)
V  [jvm.dll+0x886056]  (no source info available)
V  [jvm.dll+0x495f3e]  (no source info available)
V  [jvm.dll+0x497d11]  (no source info available)
C  [jli.dll+0x52a1]  (no source info available)
C  [ucrtbase.dll+0x37b0]  (no source info available)
C  [KERNEL32.DLL+0x2e8d7]  (no source info available)
C  [ntdll.dll+0x3c34c]  (no source info available)


siginfo: EXCEPTION_ACCESS_VIOLATION (0xc0000005), reading address 0xffffffffffffffff


Registers:
RAX=0x0000000000000010, RBX=0x0000000000000000, RCX=0xffffffffffffffff, RDX=0x007ffba777300010
RSP=0x000000e7f7afe4a0, RBP=0x00000253413bb208, RSI=0x000000e7f7afe5d8, RDI=0x00000253413bb208
R8 =0x0000000000000042, R9 =0x000000008d301ed8, R10=0x00007ffba79e9fb0, R11=0x0000000000000002
R12=0x000000e7f7afe5d8, R13=0x0000025362212d40, R14=0x000002535febe958, R15=0x000000000000001a
RIP=0x00007ffc143a2f9b, EFLAGS=0x0000000000010202

XMM[0]=0x0000000000000000 0x0000000000000000
XMM[1]=0x0000000000000000 0x0000000000000000
XMM[2]=0x0000000000000000 0x0000000000000000
XMM[3]=0x0000000000000000 0x0000000000000000
XMM[4]=0x0000000000000000 0x0000000000000000
XMM[5]=0x0000000000000000 0x0000000000000000
XMM[6]=0x0000000000000000 0x0000000000000000
XMM[7]=0x0000000000000000 0x0000000000000000
XMM[8]=0x0000000000000000 0x0000000000000000
XMM[9]=0x0000000000000000 0x0000000000000000
XMM[10]=0x0000000000000000 0x0000000000000000
XMM[11]=0x0000000000000000 0x0000000000000000
XMM[12]=0x0000000000000000 0x0000000000000000
XMM[13]=0x0000000000000000 0x0000000000000000
XMM[14]=0x0000000000000000 0x0000000000000000
XMM[15]=0x0000000000000000 0x0000000000000000
  MXCSR=0x00001fa0


Register to memory mapping:

RAX=0x0000000000000010 is an unknown value
RBX=0x0 is null
RCX=0xffffffffffffffff is an unknown value
RDX=0x007ffba777300010 is an unknown value
RSP=0x000000e7f7afe4a0 is pointing into the stack for thread: 0x000002535febe590
RBP=0x00000253413bb208 points into unknown readable memory: 0x000000008d301ed8 | d8 1e 30 8d 00 00 00 00
RSI=0x000000e7f7afe5d8 is pointing into the stack for thread: 0x000002535febe590
RDI=0x00000253413bb208 points into unknown readable memory: 0x000000008d301ed8 | d8 1e 30 8d 00 00 00 00
R8 =0x0000000000000042 is an unknown value
R9 =0x000000008d301ed8 is an oop: java.lang.Thread 
{0x000000008d301ed8} - klass: 'java/lang/Thread' - flags: 

 - ---- fields (total size 14 words):
 - 'threadLocalRandomProbe' 'I' @12  0 (0x00000000)
 - private volatile 'eetop' 'J' @16  2557114836368 (0x000002535febe590)
 - private final 'tid' 'J' @24  3 (0x0000000000000003)
 - 'threadLocalRandomSeed' 'J' @32  0 (0x0000000000000000)
 - injected 'jvmti_thread_state' 'J' @40  2556597709536 (0x0000025341192ae0)
 - 'threadLocalRandomSecondarySeed' 'I' @48  0 (0x00000000)
 - injected 'jvmti_VTMS_transition_disable_count' 'I' @52  0 (0x00000000)
 - injected 'jfr_epoch' 'S' @56  0 (0x0000)
 - volatile 'interrupted' 'Z' @58  false (0x00)
 - injected 'jvmti_is_in_VTMS_transition' 'Z' @59  false (0x00)
 - private volatile 'name' 'Ljava/lang/String;' @60  "main"{0x000000008d301f48} (0x8d301f48)
 - private volatile 'contextClassLoader' 'Ljava/lang/ClassLoader;' @64  a 'jdk/internal/loader/ClassLoaders$AppClassLoader'{0x000000008d33e138} (0x8d33e138)
 - private final 'holder' 'Ljava/lang/Thread$FieldHolder;' @68  a 'java/lang/Thread$FieldHolder'{0x000000008d301f88} (0x8d301f88)
 - 'threadLocals' 'Ljava/lang/ThreadLocal$ThreadLocalMap;' @72  a 'java/lang/ThreadLocal$ThreadLocalMap'{0x000000008d1da748} (0x8d1da748)
 - 'inheritableThreadLocals' 'Ljava/lang/ThreadLocal$ThreadLocalMap;' @76  null (0x00000000)
 - private 'scopedValueBindings' 'Ljava/lang/Object;' @80  a 'java/lang/Class'{0x00000000ffe7c258} = 'java/lang/Thread' (0xffe7c258)
 - final 'interruptLock' 'Ljava/lang/Object;' @84  a 'java/lang/Object'{0x000000008d301f78} (0x8d301f78)
 - private volatile 'parkBlocker' 'Ljava/lang/Object;' @88  null (0x00000000)
 - private 'nioBlocker' 'Lsun/nio/ch/Interruptible;' @92  null (0x00000000)
 - private 'cont' 'Ljdk/internal/vm/Continuation;' @96  null (0x00000000)
 - private volatile 'uncaughtExceptionHandler' 'Ljava/lang/Thread$UncaughtExceptionHandler;' @100  null (0x00000000)
 - private 'container' 'Ljdk/internal/vm/ThreadContainer;' @104  null (0x00000000)
 - private volatile 'headStackableScopes' 'Ljdk/internal/vm/StackableScope;' @108  null (0x00000000)
R10=0x00007ffba79e9fb0 jvm.dll
R11=0x0000000000000002 is an unknown value
R12=0x000000e7f7afe5d8 is pointing into the stack for thread: 0x000002535febe590
R13=0x0000025362212d40 points into unknown readable memory: 0x00007ffba795a510 | 10 a5 95 a7 fb 7f 00 00
R14=0x000002535febe958 points into unknown readable memory: 0x00007ffba79517b0 | b0 17 95 a7 fb 7f 00 00
R15=0x000000000000001a is an unknown value

Top of Stack: (sp=0x000000e7f7afe4a0)
0x000000e7f7afe4a0:   000000e7f7afe5d8 00000253413bb208   ..........;AS...
0x000000e7f7afe4b0:   0000000000000000 000000000000070c   ................
0x000000e7f7afe4c0:   0000025346fae8f0 00007ffc143a335b   ...FS...[3:.....
0x000000e7f7afe4d0:   0000000000000000 000002535febe958   ........X.._S...
0x000000e7f7afe4e0:   0000000000000000 0000025346fae8f0   ...........FS...
0x000000e7f7afe4f0:   000002535febe958 00007ffc143a2184   X.._S....!:.....
0x000000e7f7afe500:   0000000000000000 000000000000001a   ................
0x000000e7f7afe510:   0000000000000000 0000025346fae8f0   ...........FS...
0x000000e7f7afe520:   0000000000000009 0000025346f9e060   ........`..FS...
0x000000e7f7afe530:   fffffffffffffffe 0000025346fae8f0   ...........FS...
0x000000e7f7afe540:   0000025346fae958 0000025346fae960   X..FS...`..FS...
0x000000e7f7afe550:   00000000000048a8 0000000000000000   .H..............
0x000000e7f7afe560:   0000000000000000 0000000000000000   ................
0x000000e7f7afe570:   00007ffc14541ba0 0000000000000001   ..T.............
0x000000e7f7afe580:   0000000000000000 0000000000000000   ................
0x000000e7f7afe590:   00007ffc14547b20 00007ffc143a2a67    {T.....g*:.....
0x000000e7f7afe5a0:   000002535febe958 0000000000001c28   X.._S...(.......
0x000000e7f7afe5b0:   000000e7f7afe620 00000000ffffffff    ...............
0x000000e7f7afe5c0:   0000025300000002 0000000000000000   ....S...........
0x000000e7f7afe5d0:   0000000000108b58 000002534738bae0   X.........8GS...
0x000000e7f7afe5e0:   000002534738be20 000002534738be20    .8GS... .8GS...
0x000000e7f7afe5f0:   000002535febe958 000002535febe958   X.._S...X.._S...
0x000000e7f7afe600:   fffffffffffffffe 00007ffc14547b20   ........ {T.....
0x000000e7f7afe610:   0000025362208818 000000e7f7afe788   .. bS...........
0x000000e7f7afe620:   00007ffc14541ba0 00007ffc14541ba0   ..T.......T.....
0x000000e7f7afe630:   0000000000000000 00007ffc14547b70   ........p{T.....
0x000000e7f7afe640:   0000000000989680 000000e7f7afe938   ........8.......
0x000000e7f7afe650:   000000e7f7afe760 00007ffc1439d2ab   `.........9.....
0x000000e7f7afe660:   00007ffc14547b78 00007ffc4ea5f5d1   x{T........N....
0x000000e7f7afe670:   00007ffc14547b78 001e9a8a00001000   x{T.............
0x000000e7f7afe680:   0027fbff00000001 0000000000010000   ......'.........
0x000000e7f7afe690:   0000000000010000 00007ffffffeffff   ................

Instructions: (pc=0x00007ffc143a2f9b)
  0x00007ffc143a2e9b:   cc cc cc cc cc cc cc cc cc cc cc cc cc cc cc cc
  0x00007ffc143a2eab:   cc cc cc cc cc cc cc cc cc cc cc cc cc cc cc cc
  0x00007ffc143a2ebb:   cc cc cc cc cc cc cc cc cc cc cc cc cc cc cc cc
  0x00007ffc143a2ecb:   cc cc cc cc cc cc cc cc cc cc cc cc cc cc cc cc
  0x00007ffc143a2edb:   cc cc cc cc cc cc cc cc cc cc cc cc cc cc cc cc
  0x00007ffc143a2eeb:   cc cc cc cc cc cc cc cc cc cc cc cc cc cc cc cc
  0x00007ffc143a2efb:   cc cc cc cc cc cc cc cc cc cc cc cc cc cc cc cc
  0x00007ffc143a2f0b:   cc cc cc cc cc cc cc cc cc cc cc cc cc cc cc cc
  0x00007ffc143a2f1b:   cc cc cc cc cc cc cc cc cc cc cc cc cc cc cc cc
  0x00007ffc143a2f2b:   cc cc cc cc cc 48 89 5c 24 08 57 48 83 ec 20 48
  0x00007ffc143a2f3b:   8b f9 48 8d 54 24 38 48 8b 0d 97 4d 1a 00 41 b8
  0x00007ffc143a2f4b:   06 00 01 00 48 8b 01 4c 8b 48 30 41 ff d1 4c 8b
  0x00007ffc143a2f5b:   05 a8 4e 1a 00 33 c9 85 c0 48 0f 44 4c 24 38 4d
  0x00007ffc143a2f6b:   85 c0 74 4a 48 8b 01 48 8b d7 4c 8b 88 28 03 00
  0x00007ffc143a2f7b:   00 41 ff d1 48 85 c0 74 35 48 63 0d 71 ed 19 00
  0x00007ffc143a2f8b:   48 8b 14 01 48 85 d2 74 15 48 63 05 75 ed 19 00
=>0x00007ffc143a2f9b:   8b 04 10 48 8b 5c 24 30 48 83 c4 20 5f c3 b8 ff
  0x00007ffc143a2fab:   ff ff ff 48 8b 5c 24 30 48 83 c4 20 5f c3 80 3d
  0x00007ffc143a2fbb:   34 4d 1a 00 00 bb ff ff ff ff 74 20 4c 8b 0d ea
  0x00007ffc143a2fcb:   49 1a 00 4c 8d 44 24 38 48 8b 0d ce 49 1a 00 48
  0x00007ffc143a2fdb:   8b d7 41 ff d1 85 c0 0f 44 5c 24 38 8b c3 48 8b
  0x00007ffc143a2feb:   5c 24 30 48 83 c4 20 5f c3 cc cc cc cc cc cc cc
  0x00007ffc143a2ffb:   cc cc cc cc cc cc cc cc cc cc cc cc cc cc cc cc
  0x00007ffc143a300b:   cc cc cc cc cc cc cc cc cc cc cc cc cc cc cc cc
  0x00007ffc143a301b:   cc cc cc cc cc cc cc cc cc cc cc cc cc cc cc cc
  0x00007ffc143a302b:   cc cc cc cc cc 40 57 48 83 ec 30 48 c7 44 24 20
  0x00007ffc143a303b:   fe ff ff ff 48 89 5c 24 50 48 8b fa 48 8b d9 48
  0x00007ffc143a304b:   89 4c 24 40 b9 01 00 00 00 33 c0 f0 0f b1 0b 74
  0x00007ffc143a305b:   04 f3 90 eb f4 48 8d 53 08 48 8b cf e8 09 24 f6
  0x00007ffc143a306b:   ff 90 b8 ff ff ff ff f0 0f c1 03 48 8b c7 48 8b
  0x00007ffc143a307b:   5c 24 50 48 83 c4 30 5f c3 cc cc cc cc cc cc cc
  0x00007ffc143a308b:   cc cc cc cc cc cc cc cc cc cc cc cc cc cc cc cc


Stack slot to memory mapping:

stack at sp + 0 slots: 0x000000e7f7afe5d8 is pointing into the stack for thread: 0x000002535febe590
stack at sp + 1 slots: 0x00000253413bb208 points into unknown readable memory: 0x000000008d301ed8 | d8 1e 30 8d 00 00 00 00
stack at sp + 2 slots: 0x0 is null
stack at sp + 3 slots: 0x000000000000070c is an unknown value
stack at sp + 4 slots: 0x0000025346fae8f0 points into unknown readable memory: 0x000001c400003b8c | 8c 3b 00 00 c4 01 00 00
stack at sp + 5 slots: 0x00007ffc143a335b libasyncProfiler.dll
stack at sp + 6 slots: 0x0 is null
stack at sp + 7 slots: 0x000002535febe958 points into unknown readable memory: 0x00007ffba79517b0 | b0 17 95 a7 fb 7f 00 00

Lock stack of current Java thread (top to bottom):


---------------  P R O C E S S  ---------------

Threads class SMR info:
_java_thread_list=0x0000025347172800, length=15, elements={
0x000002535febe590, 0x00000253410f6560, 0x00000253410f8ed0, 0x00000253410fadc0,
0x00000253410fcd80, 0x00000253410fdad0, 0x0000025341102db0, 0x000002534110ac80,
0x000002534110e220, 0x0000025341369cb0, 0x00000253413a6810, 0x000002534167cbf0,
0x000002534604ab70, 0x00000253471a1110, 0x00000253471b1f40
}

Java Threads: ( => current thread )
=>0x000002535febe590 JavaThread "main"                              [_thread_in_native, id=8432, stack(0x000000e7f7a00000,0x000000e7f7b00000) (1024K)]
  0x00000253410f6560 JavaThread "Reference Handler"          daemon [_thread_blocked, id=7460, stack(0x000000e7f8200000,0x000000e7f8300000) (1024K)]
  0x00000253410f8ed0 JavaThread "Finalizer"                  daemon [_thread_blocked, id=9004, stack(0x000000e7f8300000,0x000000e7f8400000) (1024K)]
  0x00000253410fadc0 JavaThread "Signal Dispatcher"          daemon [_thread_blocked, id=18060, stack(0x000000e7f8400000,0x000000e7f8500000) (1024K)]
  0x00000253410fcd80 JavaThread "Attach Listener"            daemon [_thread_blocked, id=11180, stack(0x000000e7f8500000,0x000000e7f8600000) (1024K)]
  0x00000253410fdad0 JavaThread "Service Thread"             daemon [_thread_blocked, id=19908, stack(0x000000e7f8600000,0x000000e7f8700000) (1024K)]
  0x0000025341102db0 JavaThread "Monitor Deflation Thread"   daemon [_thread_blocked, id=9816, stack(0x000000e7f8700000,0x000000e7f8800000) (1024K)]
  0x000002534110ac80 JavaThread "C2 CompilerThread0"         daemon [_thread_in_native, id=3236, stack(0x000000e7f8800000,0x000000e7f8900000) (1024K)]
  0x000002534110e220 JavaThread "C1 CompilerThread0"         daemon [_thread_blocked, id=13532, stack(0x000000e7f8900000,0x000000e7f8a00000) (1024K)]
  0x0000025341369cb0 JavaThread "Common-Cleaner"             daemon [_thread_blocked, id=15628, stack(0x000000e7f8b00000,0x000000e7f8c00000) (1024K)]
  0x00000253413a6810 JavaThread "Monitor Ctrl-Break"         daemon [_thread_in_native, id=20424, stack(0x000000e7f8c00000,0x000000e7f8d00000) (1024K)]
  0x000002534167cbf0 JavaThread "C2 CompilerThread1"         daemon [_thread_blocked, id=18904, stack(0x000000e7f8a00000,0x000000e7f8b00000) (1024K)]
  0x000002534604ab70 JavaThread "JFR Recorder Thread"        daemon [_thread_in_native, id=13476, stack(0x000000e7f8d00000,0x000000e7f8e00000) (1024K)]
  0x00000253471a1110 JavaThread "C2 CompilerThread2"         daemon [_thread_blocked, id=13796, stack(0x000000e7f8e00000,0x000000e7f8f00000) (1024K)]
  0x00000253471b1f40 JavaThread "JFR Periodic Tasks"         daemon [_thread_blocked, id=18600, stack(0x000000e7f8f00000,0x000000e7f9000000) (1024K)]
Total: 15

Other Threads:
  0x00000253410e6020 VMThread "VM Thread"                           [id=21440, stack(0x000000e7f8100000,0x000000e7f8200000) (1024K)]
  0x0000025361eddf70 WatcherThread "VM Periodic Task Thread"        [id=19572, stack(0x000000e7f8000000,0x000000e7f8100000) (1024K)]
  0x0000025361ded000 WorkerThread "GC Thread#0"                     [id=1764, stack(0x000000e7f7b00000,0x000000e7f7c00000) (1024K)]
  0x0000025361e022b0 ConcurrentGCThread "G1 Main Marker"            [id=1584, stack(0x000000e7f7c00000,0x000000e7f7d00000) (1024K)]
  0x0000025361e03470 WorkerThread "G1 Conc#0"                       [id=11220, stack(0x000000e7f7d00000,0x000000e7f7e00000) (1024K)]
  0x0000025361ec4fd0 ConcurrentGCThread "G1 Refine#0"               [id=4356, stack(0x000000e7f7e00000,0x000000e7f7f00000) (1024K)]
  0x0000025361ec5900 ConcurrentGCThread "G1 Service"                [id=9300, stack(0x000000e7f7f00000,0x000000e7f8000000) (1024K)]
Total: 7

Threads with active compile tasks:
C2 CompilerThread0  774 1305       4       jdk.jfr.internal.MetadataWriter::write (168 bytes)
Total: 1

VM state: not at safepoint (normal execution)

VM Mutex/Monitor currently owned by a thread: None

Heap address: 0x0000000085800000, size: 1960 MB, Compressed Oops mode: 32-bit

CDS archive(s) mapped at: [0x0000025300000000-0x0000025300d40000-0x0000025300d40000), size 13893632, SharedBaseAddress: 0x0000025300000000, ArchiveRelocationMode: 1.
Compressed class space mapped at: 0x0000025301000000-0x0000025341000000, reserved size: 1073741824
UseCompressedClassPointers 1, UseCompactObjectHeaders 0
Narrow klass pointer bits 32, Max shift 3
Narrow klass base: 0x0000025300000000, Narrow klass shift: 0
Encoding Range: [0x0000025300000000 - 0x0000025400000000), (4294967296 bytes)
Klass Range:    [0x0000025300000000 - 0x0000025341000000), (1090519040 bytes)
Klass ID Range:  [8 - 1090519033) (1090519025)

GC Precious Log:
 CardTable entry size: 512
 Card Set container configuration: InlinePtr #cards 5 size 8 Array Of Cards #cards 10 size 36 Howl #buckets 4 coarsen threshold 1843 Howl Bitmap #cards 512 size 80 coarsen threshold 460 Card regions per heap region 1 cards per card region 2048
 CPUs: 8 total, 8 available
 Memory: 7834M
 Large Page Support: Disabled
 NUMA Support: Disabled
 Compressed Oops: Enabled (32-bit)
 Heap Region Size: 1M
 Heap Min Capacity: 8M
 Heap Initial Capacity: 124M
 Heap Max Capacity: 1960M
 Pre-touch: Disabled
 Parallel Workers: 8
 Concurrent Workers: 2
 Concurrent Refinement Workers: 8
 Periodic GC: Disabled

Heap:
 garbage-first heap   total reserved 2007040K, committed 129024K, used 24688K [0x0000000085800000, 0x0000000100000000)
  region size 1024K, 22 young (22528K), 0 survivors (0K)
 Metaspace       used 3511K, committed 3712K, reserved 1114112K
  class space    used 304K, committed 384K, reserved 1048576K

Heap Regions: E=young(eden), S=young(survivor), O=old, HS=humongous(starts), HC=humongous(continues), CS=collection set, F=free, TAMS=top-at-mark-start, PB=parsable bottom
|   0|0x0000000085800000, 0x0000000085900000, 0x0000000085900000|100%|HS|  |TAMS 0x0000000085800000| PB 0x0000000085800000| Complete |  0
|   1|0x0000000085900000, 0x0000000085a00000, 0x0000000085a00000|100%|HS|  |TAMS 0x0000000085900000| PB 0x0000000085900000| Complete |  0
|   2|0x0000000085a00000, 0x0000000085a00000, 0x0000000085b00000|  0%| F|  |TAMS 0x0000000085a00000| PB 0x0000000085a00000| Untracked |  0
|   3|0x0000000085b00000, 0x0000000085b00000, 0x0000000085c00000|  0%| F|  |TAMS 0x0000000085b00000| PB 0x0000000085b00000| Untracked |  0
|   4|0x0000000085c00000, 0x0000000085c00000, 0x0000000085d00000|  0%| F|  |TAMS 0x0000000085c00000| PB 0x0000000085c00000| Untracked |  0
|   5|0x0000000085d00000, 0x0000000085d00000, 0x0000000085e00000|  0%| F|  |TAMS 0x0000000085d00000| PB 0x0000000085d00000| Untracked |  0
|   6|0x0000000085e00000, 0x0000000085e00000, 0x0000000085f00000|  0%| F|  |TAMS 0x0000000085e00000| PB 0x0000000085e00000| Untracked |  0
|   7|0x0000000085f00000, 0x0000000085f00000, 0x0000000086000000|  0%| F|  |TAMS 0x0000000085f00000| PB 0x0000000085f00000| Untracked |  0
|   8|0x0000000086000000, 0x0000000086000000, 0x0000000086100000|  0%| F|  |TAMS 0x0000000086000000| PB 0x0000000086000000| Untracked |  0
|   9|0x0000000086100000, 0x0000000086100000, 0x0000000086200000|  0%| F|  |TAMS 0x0000000086100000| PB 0x0000000086100000| Untracked |  0
|  10|0x0000000086200000, 0x0000000086200000, 0x0000000086300000|  0%| F|  |TAMS 0x0000000086200000| PB 0x0000000086200000| Untracked |  0
|  11|0x0000000086300000, 0x0000000086300000, 0x0000000086400000|  0%| F|  |TAMS 0x0000000086300000| PB 0x0000000086300000| Untracked |  0
|  12|0x0000000086400000, 0x0000000086400000, 0x0000000086500000|  0%| F|  |TAMS 0x0000000086400000| PB 0x0000000086400000| Untracked |  0
|  13|0x0000000086500000, 0x0000000086500000, 0x0000000086600000|  0%| F|  |TAMS 0x0000000086500000| PB 0x0000000086500000| Untracked |  0
|  14|0x0000000086600000, 0x0000000086600000, 0x0000000086700000|  0%| F|  |TAMS 0x0000000086600000| PB 0x0000000086600000| Untracked |  0
|  15|0x0000000086700000, 0x0000000086700000, 0x0000000086800000|  0%| F|  |TAMS 0x0000000086700000| PB 0x0000000086700000| Untracked |  0
|  16|0x0000000086800000, 0x0000000086800000, 0x0000000086900000|  0%| F|  |TAMS 0x0000000086800000| PB 0x0000000086800000| Untracked |  0
|  17|0x0000000086900000, 0x0000000086900000, 0x0000000086a00000|  0%| F|  |TAMS 0x0000000086900000| PB 0x0000000086900000| Untracked |  0
|  18|0x0000000086a00000, 0x0000000086a00000, 0x0000000086b00000|  0%| F|  |TAMS 0x0000000086a00000| PB 0x0000000086a00000| Untracked |  0
|  19|0x0000000086b00000, 0x0000000086b00000, 0x0000000086c00000|  0%| F|  |TAMS 0x0000000086b00000| PB 0x0000000086b00000| Untracked |  0
|  20|0x0000000086c00000, 0x0000000086c00000, 0x0000000086d00000|  0%| F|  |TAMS 0x0000000086c00000| PB 0x0000000086c00000| Untracked |  0
|  21|0x0000000086d00000, 0x0000000086d00000, 0x0000000086e00000|  0%| F|  |TAMS 0x0000000086d00000| PB 0x0000000086d00000| Untracked |  0
|  22|0x0000000086e00000, 0x0000000086e00000, 0x0000000086f00000|  0%| F|  |TAMS 0x0000000086e00000| PB 0x0000000086e00000| Untracked |  0
|  23|0x0000000086f00000, 0x0000000086f00000, 0x0000000087000000|  0%| F|  |TAMS 0x0000000086f00000| PB 0x0000000086f00000| Untracked |  0
|  24|0x0000000087000000, 0x0000000087000000, 0x0000000087100000|  0%| F|  |TAMS 0x0000000087000000| PB 0x0000000087000000| Untracked |  0
|  25|0x0000000087100000, 0x0000000087100000, 0x0000000087200000|  0%| F|  |TAMS 0x0000000087100000| PB 0x0000000087100000| Untracked |  0
|  26|0x0000000087200000, 0x0000000087200000, 0x0000000087300000|  0%| F|  |TAMS 0x0000000087200000| PB 0x0000000087200000| Untracked |  0
|  27|0x0000000087300000, 0x0000000087300000, 0x0000000087400000|  0%| F|  |TAMS 0x0000000087300000| PB 0x0000000087300000| Untracked |  0
|  28|0x0000000087400000, 0x0000000087400000, 0x0000000087500000|  0%| F|  |TAMS 0x0000000087400000| PB 0x0000000087400000| Untracked |  0
|  29|0x0000000087500000, 0x0000000087500000, 0x0000000087600000|  0%| F|  |TAMS 0x0000000087500000| PB 0x0000000087500000| Untracked |  0
|  30|0x0000000087600000, 0x0000000087600000, 0x0000000087700000|  0%| F|  |TAMS 0x0000000087600000| PB 0x0000000087600000| Untracked |  0
|  31|0x0000000087700000, 0x0000000087700000, 0x0000000087800000|  0%| F|  |TAMS 0x0000000087700000| PB 0x0000000087700000| Untracked |  0
|  32|0x0000000087800000, 0x0000000087800000, 0x0000000087900000|  0%| F|  |TAMS 0x0000000087800000| PB 0x0000000087800000| Untracked |  0
|  33|0x0000000087900000, 0x0000000087900000, 0x0000000087a00000|  0%| F|  |TAMS 0x0000000087900000| PB 0x0000000087900000| Untracked |  0
|  34|0x0000000087a00000, 0x0000000087a00000, 0x0000000087b00000|  0%| F|  |TAMS 0x0000000087a00000| PB 0x0000000087a00000| Untracked |  0
|  35|0x0000000087b00000, 0x0000000087b00000, 0x0000000087c00000|  0%| F|  |TAMS 0x0000000087b00000| PB 0x0000000087b00000| Untracked |  0
|  36|0x0000000087c00000, 0x0000000087c00000, 0x0000000087d00000|  0%| F|  |TAMS 0x0000000087c00000| PB 0x0000000087c00000| Untracked |  0
|  37|0x0000000087d00000, 0x0000000087d00000, 0x0000000087e00000|  0%| F|  |TAMS 0x0000000087d00000| PB 0x0000000087d00000| Untracked |  0
|  38|0x0000000087e00000, 0x0000000087e00000, 0x0000000087f00000|  0%| F|  |TAMS 0x0000000087e00000| PB 0x0000000087e00000| Untracked |  0
|  39|0x0000000087f00000, 0x0000000087f00000, 0x0000000088000000|  0%| F|  |TAMS 0x0000000087f00000| PB 0x0000000087f00000| Untracked |  0
|  40|0x0000000088000000, 0x0000000088000000, 0x0000000088100000|  0%| F|  |TAMS 0x0000000088000000| PB 0x0000000088000000| Untracked |  0
|  41|0x0000000088100000, 0x0000000088100000, 0x0000000088200000|  0%| F|  |TAMS 0x0000000088100000| PB 0x0000000088100000| Untracked |  0
|  42|0x0000000088200000, 0x0000000088200000, 0x0000000088300000|  0%| F|  |TAMS 0x0000000088200000| PB 0x0000000088200000| Untracked |  0
|  43|0x0000000088300000, 0x0000000088300000, 0x0000000088400000|  0%| F|  |TAMS 0x0000000088300000| PB 0x0000000088300000| Untracked |  0
|  44|0x0000000088400000, 0x0000000088400000, 0x0000000088500000|  0%| F|  |TAMS 0x0000000088400000| PB 0x0000000088400000| Untracked |  0
|  45|0x0000000088500000, 0x0000000088500000, 0x0000000088600000|  0%| F|  |TAMS 0x0000000088500000| PB 0x0000000088500000| Untracked |  0
|  46|0x0000000088600000, 0x0000000088600000, 0x0000000088700000|  0%| F|  |TAMS 0x0000000088600000| PB 0x0000000088600000| Untracked |  0
|  47|0x0000000088700000, 0x0000000088700000, 0x0000000088800000|  0%| F|  |TAMS 0x0000000088700000| PB 0x0000000088700000| Untracked |  0
|  48|0x0000000088800000, 0x0000000088800000, 0x0000000088900000|  0%| F|  |TAMS 0x0000000088800000| PB 0x0000000088800000| Untracked |  0
|  49|0x0000000088900000, 0x0000000088900000, 0x0000000088a00000|  0%| F|  |TAMS 0x0000000088900000| PB 0x0000000088900000| Untracked |  0
|  50|0x0000000088a00000, 0x0000000088a00000, 0x0000000088b00000|  0%| F|  |TAMS 0x0000000088a00000| PB 0x0000000088a00000| Untracked |  0
|  51|0x0000000088b00000, 0x0000000088b00000, 0x0000000088c00000|  0%| F|  |TAMS 0x0000000088b00000| PB 0x0000000088b00000| Untracked |  0
|  52|0x0000000088c00000, 0x0000000088c00000, 0x0000000088d00000|  0%| F|  |TAMS 0x0000000088c00000| PB 0x0000000088c00000| Untracked |  0
|  53|0x0000000088d00000, 0x0000000088d00000, 0x0000000088e00000|  0%| F|  |TAMS 0x0000000088d00000| PB 0x0000000088d00000| Untracked |  0
|  54|0x0000000088e00000, 0x0000000088e00000, 0x0000000088f00000|  0%| F|  |TAMS 0x0000000088e00000| PB 0x0000000088e00000| Untracked |  0
|  55|0x0000000088f00000, 0x0000000088f00000, 0x0000000089000000|  0%| F|  |TAMS 0x0000000088f00000| PB 0x0000000088f00000| Untracked |  0
|  56|0x0000000089000000, 0x0000000089000000, 0x0000000089100000|  0%| F|  |TAMS 0x0000000089000000| PB 0x0000000089000000| Untracked |  0
|  57|0x0000000089100000, 0x0000000089100000, 0x0000000089200000|  0%| F|  |TAMS 0x0000000089100000| PB 0x0000000089100000| Untracked |  0
|  58|0x0000000089200000, 0x0000000089200000, 0x0000000089300000|  0%| F|  |TAMS 0x0000000089200000| PB 0x0000000089200000| Untracked |  0
|  59|0x0000000089300000, 0x0000000089300000, 0x0000000089400000|  0%| F|  |TAMS 0x0000000089300000| PB 0x0000000089300000| Untracked |  0
|  60|0x0000000089400000, 0x0000000089400000, 0x0000000089500000|  0%| F|  |TAMS 0x0000000089400000| PB 0x0000000089400000| Untracked |  0
|  61|0x0000000089500000, 0x0000000089500000, 0x0000000089600000|  0%| F|  |TAMS 0x0000000089500000| PB 0x0000000089500000| Untracked |  0
|  62|0x0000000089600000, 0x0000000089600000, 0x0000000089700000|  0%| F|  |TAMS 0x0000000089600000| PB 0x0000000089600000| Untracked |  0
|  63|0x0000000089700000, 0x0000000089700000, 0x0000000089800000|  0%| F|  |TAMS 0x0000000089700000| PB 0x0000000089700000| Untracked |  0
|  64|0x0000000089800000, 0x0000000089800000, 0x0000000089900000|  0%| F|  |TAMS 0x0000000089800000| PB 0x0000000089800000| Untracked |  0
|  65|0x0000000089900000, 0x0000000089900000, 0x0000000089a00000|  0%| F|  |TAMS 0x0000000089900000| PB 0x0000000089900000| Untracked |  0
|  66|0x0000000089a00000, 0x0000000089a00000, 0x0000000089b00000|  0%| F|  |TAMS 0x0000000089a00000| PB 0x0000000089a00000| Untracked |  0
|  67|0x0000000089b00000, 0x0000000089b00000, 0x0000000089c00000|  0%| F|  |TAMS 0x0000000089b00000| PB 0x0000000089b00000| Untracked |  0
|  68|0x0000000089c00000, 0x0000000089c00000, 0x0000000089d00000|  0%| F|  |TAMS 0x0000000089c00000| PB 0x0000000089c00000| Untracked |  0
|  69|0x0000000089d00000, 0x0000000089d00000, 0x0000000089e00000|  0%| F|  |TAMS 0x0000000089d00000| PB 0x0000000089d00000| Untracked |  0
|  70|0x0000000089e00000, 0x0000000089e00000, 0x0000000089f00000|  0%| F|  |TAMS 0x0000000089e00000| PB 0x0000000089e00000| Untracked |  0
|  71|0x0000000089f00000, 0x0000000089f00000, 0x000000008a000000|  0%| F|  |TAMS 0x0000000089f00000| PB 0x0000000089f00000| Untracked |  0
|  72|0x000000008a000000, 0x000000008a000000, 0x000000008a100000|  0%| F|  |TAMS 0x000000008a000000| PB 0x000000008a000000| Untracked |  0
|  73|0x000000008a100000, 0x000000008a100000, 0x000000008a200000|  0%| F|  |TAMS 0x000000008a100000| PB 0x000000008a100000| Untracked |  0
|  74|0x000000008a200000, 0x000000008a200000, 0x000000008a300000|  0%| F|  |TAMS 0x000000008a200000| PB 0x000000008a200000| Untracked |  0
|  75|0x000000008a300000, 0x000000008a300000, 0x000000008a400000|  0%| F|  |TAMS 0x000000008a300000| PB 0x000000008a300000| Untracked |  0
|  76|0x000000008a400000, 0x000000008a400000, 0x000000008a500000|  0%| F|  |TAMS 0x000000008a400000| PB 0x000000008a400000| Untracked |  0
|  77|0x000000008a500000, 0x000000008a500000, 0x000000008a600000|  0%| F|  |TAMS 0x000000008a500000| PB 0x000000008a500000| Untracked |  0
|  78|0x000000008a600000, 0x000000008a600000, 0x000000008a700000|  0%| F|  |TAMS 0x000000008a600000| PB 0x000000008a600000| Untracked |  0
|  79|0x000000008a700000, 0x000000008a700000, 0x000000008a800000|  0%| F|  |TAMS 0x000000008a700000| PB 0x000000008a700000| Untracked |  0
|  80|0x000000008a800000, 0x000000008a800000, 0x000000008a900000|  0%| F|  |TAMS 0x000000008a800000| PB 0x000000008a800000| Untracked |  0
|  81|0x000000008a900000, 0x000000008a900000, 0x000000008aa00000|  0%| F|  |TAMS 0x000000008a900000| PB 0x000000008a900000| Untracked |  0
|  82|0x000000008aa00000, 0x000000008aa00000, 0x000000008ab00000|  0%| F|  |TAMS 0x000000008aa00000| PB 0x000000008aa00000| Untracked |  0
|  83|0x000000008ab00000, 0x000000008ab00000, 0x000000008ac00000|  0%| F|  |TAMS 0x000000008ab00000| PB 0x000000008ab00000| Untracked |  0
|  84|0x000000008ac00000, 0x000000008ac00000, 0x000000008ad00000|  0%| F|  |TAMS 0x000000008ac00000| PB 0x000000008ac00000| Untracked |  0
|  85|0x000000008ad00000, 0x000000008ad00000, 0x000000008ae00000|  0%| F|  |TAMS 0x000000008ad00000| PB 0x000000008ad00000| Untracked |  0
|  86|0x000000008ae00000, 0x000000008ae00000, 0x000000008af00000|  0%| F|  |TAMS 0x000000008ae00000| PB 0x000000008ae00000| Untracked |  0
|  87|0x000000008af00000, 0x000000008af00000, 0x000000008b000000|  0%| F|  |TAMS 0x000000008af00000| PB 0x000000008af00000| Untracked |  0
|  88|0x000000008b000000, 0x000000008b000000, 0x000000008b100000|  0%| F|  |TAMS 0x000000008b000000| PB 0x000000008b000000| Untracked |  0
|  89|0x000000008b100000, 0x000000008b100000, 0x000000008b200000|  0%| F|  |TAMS 0x000000008b100000| PB 0x000000008b100000| Untracked |  0
|  90|0x000000008b200000, 0x000000008b200000, 0x000000008b300000|  0%| F|  |TAMS 0x000000008b200000| PB 0x000000008b200000| Untracked |  0
|  91|0x000000008b300000, 0x000000008b300000, 0x000000008b400000|  0%| F|  |TAMS 0x000000008b300000| PB 0x000000008b300000| Untracked |  0
|  92|0x000000008b400000, 0x000000008b400000, 0x000000008b500000|  0%| F|  |TAMS 0x000000008b400000| PB 0x000000008b400000| Untracked |  0
|  93|0x000000008b500000, 0x000000008b500000, 0x000000008b600000|  0%| F|  |TAMS 0x000000008b500000| PB 0x000000008b500000| Untracked |  0
|  94|0x000000008b600000, 0x000000008b600000, 0x000000008b700000|  0%| F|  |TAMS 0x000000008b600000| PB 0x000000008b600000| Untracked |  0
|  95|0x000000008b700000, 0x000000008b700000, 0x000000008b800000|  0%| F|  |TAMS 0x000000008b700000| PB 0x000000008b700000| Untracked |  0
|  96|0x000000008b800000, 0x000000008b800000, 0x000000008b900000|  0%| F|  |TAMS 0x000000008b800000| PB 0x000000008b800000| Untracked |  0
|  97|0x000000008b900000, 0x000000008b900000, 0x000000008ba00000|  0%| F|  |TAMS 0x000000008b900000| PB 0x000000008b900000| Untracked |  0
|  98|0x000000008ba00000, 0x000000008ba00000, 0x000000008bb00000|  0%| F|  |TAMS 0x000000008ba00000| PB 0x000000008ba00000| Untracked |  0
|  99|0x000000008bb00000, 0x000000008bb00000, 0x000000008bc00000|  0%| F|  |TAMS 0x000000008bb00000| PB 0x000000008bb00000| Untracked |  0
| 100|0x000000008bc00000, 0x000000008bc00000, 0x000000008bd00000|  0%| F|  |TAMS 0x000000008bc00000| PB 0x000000008bc00000| Untracked |  0
| 101|0x000000008bd00000, 0x000000008bd00000, 0x000000008be00000|  0%| F|  |TAMS 0x000000008bd00000| PB 0x000000008bd00000| Untracked |  0
| 102|0x000000008be00000, 0x000000008be80000, 0x000000008bf00000| 50%| E|  |TAMS 0x000000008be00000| PB 0x000000008be00000| Complete |  0
| 103|0x000000008bf00000, 0x000000008c000000, 0x000000008c000000|100%| E|CS|TAMS 0x000000008bf00000| PB 0x000000008bf00000| Complete |  0
| 104|0x000000008c000000, 0x000000008c100000, 0x000000008c100000|100%| E|CS|TAMS 0x000000008c000000| PB 0x000000008c000000| Complete |  0
| 105|0x000000008c100000, 0x000000008c200000, 0x000000008c200000|100%| E|CS|TAMS 0x000000008c100000| PB 0x000000008c100000| Complete |  0
| 106|0x000000008c200000, 0x000000008c300000, 0x000000008c300000|100%| E|CS|TAMS 0x000000008c200000| PB 0x000000008c200000| Complete |  0
| 107|0x000000008c300000, 0x000000008c400000, 0x000000008c400000|100%| E|CS|TAMS 0x000000008c300000| PB 0x000000008c300000| Complete |  0
| 108|0x000000008c400000, 0x000000008c500000, 0x000000008c500000|100%| E|CS|TAMS 0x000000008c400000| PB 0x000000008c400000| Complete |  0
| 109|0x000000008c500000, 0x000000008c600000, 0x000000008c600000|100%| E|CS|TAMS 0x000000008c500000| PB 0x000000008c500000| Complete |  0
| 110|0x000000008c600000, 0x000000008c700000, 0x000000008c700000|100%| E|CS|TAMS 0x000000008c600000| PB 0x000000008c600000| Complete |  0
| 111|0x000000008c700000, 0x000000008c800000, 0x000000008c800000|100%| E|CS|TAMS 0x000000008c700000| PB 0x000000008c700000| Complete |  0
| 112|0x000000008c800000, 0x000000008c900000, 0x000000008c900000|100%| E|CS|TAMS 0x000000008c800000| PB 0x000000008c800000| Complete |  0
| 113|0x000000008c900000, 0x000000008ca00000, 0x000000008ca00000|100%| E|CS|TAMS 0x000000008c900000| PB 0x000000008c900000| Complete |  0
| 114|0x000000008ca00000, 0x000000008cb00000, 0x000000008cb00000|100%| E|CS|TAMS 0x000000008ca00000| PB 0x000000008ca00000| Complete |  0
| 115|0x000000008cb00000, 0x000000008cc00000, 0x000000008cc00000|100%| E|CS|TAMS 0x000000008cb00000| PB 0x000000008cb00000| Complete |  0
| 116|0x000000008cc00000, 0x000000008cd00000, 0x000000008cd00000|100%| E|CS|TAMS 0x000000008cc00000| PB 0x000000008cc00000| Complete |  0
| 117|0x000000008cd00000, 0x000000008ce00000, 0x000000008ce00000|100%| E|CS|TAMS 0x000000008cd00000| PB 0x000000008cd00000| Complete |  0
| 118|0x000000008ce00000, 0x000000008cf00000, 0x000000008cf00000|100%| E|CS|TAMS 0x000000008ce00000| PB 0x000000008ce00000| Complete |  0
| 119|0x000000008cf00000, 0x000000008d000000, 0x000000008d000000|100%| E|CS|TAMS 0x000000008cf00000| PB 0x000000008cf00000| Complete |  0
| 120|0x000000008d000000, 0x000000008d100000, 0x000000008d100000|100%| E|CS|TAMS 0x000000008d000000| PB 0x000000008d000000| Complete |  0
| 121|0x000000008d100000, 0x000000008d200000, 0x000000008d200000|100%| E|CS|TAMS 0x000000008d100000| PB 0x000000008d100000| Complete |  0
| 122|0x000000008d200000, 0x000000008d300000, 0x000000008d300000|100%| E|CS|TAMS 0x000000008d200000| PB 0x000000008d200000| Complete |  0
| 123|0x000000008d300000, 0x000000008d400000, 0x000000008d400000|100%| E|CS|TAMS 0x000000008d300000| PB 0x000000008d300000| Complete |  0
|1958|0x00000000ffe00000, 0x00000000fff00000, 0x00000000fff00000|100%| O|  |TAMS 0x00000000ffe00000| PB 0x00000000ffe00000| Untracked |  0
|1959|0x00000000fff00000, 0x00000000fff1c288, 0x0000000100000000| 10%| O|  |TAMS 0x00000000fff00000| PB 0x00000000fff00000| Untracked |  0

Card table byte_map: [0x000002537aee0000,0x000002537b2c0000] _byte_map_base: 0x000002537aab4000

Marking Bits: (CMBitMap*) 0x0000025361ded620
 Bits: [0x000002537b2c0000, 0x000002537d160000)

Polling page: 0x0000025360070000

Metaspace:

Usage:
  Non-class:      3.13 MB used.
      Class:    304.37 KB used.
       Both:      3.43 MB used.

Virtual space:
  Non-class space:       64.00 MB reserved,       3.25 MB (  5%) committed,  1 nodes.
      Class space:        1.00 GB reserved,     384.00 KB ( <1%) committed,  1 nodes.
             Both:        1.06 GB reserved,       3.62 MB ( <1%) committed. 

Chunk freelists:
   Non-Class:  11.93 MB
       Class:  15.59 MB
        Both:  27.51 MB

MaxMetaspaceSize: unlimited
CompressedClassSpaceSize: 1.00 GB
Initial GC threshold: 21.00 MB
Current GC threshold: 21.00 MB
CDS: on
 - commit_granule_bytes: 65536.
 - commit_granule_words: 8192.
 - virtual_space_node_default_size: 8388608.
 - enlarge_chunks_in_place: 1.
UseCompressedClassPointers 1, UseCompactObjectHeaders 0
Narrow klass pointer bits 32, Max shift 3
Narrow klass base: 0x0000025300000000, Narrow klass shift: 0
Encoding Range: [0x0000025300000000 - 0x0000025400000000), (4294967296 bytes)
Klass Range:    [0x0000025300000000 - 0x0000025341000000), (1090519040 bytes)
Klass ID Range:  [8 - 1090519033) (1090519025)


Internal statistics:

num_allocs_failed_limit: 0.
num_arena_births: 68.
num_arena_deaths: 0.
num_vsnodes_births: 2.
num_vsnodes_deaths: 0.
num_space_committed: 58.
num_space_uncommitted: 0.
num_chunks_returned_to_freelist: 0.
num_chunks_taken_from_freelist: 73.
num_chunk_merges: 0.
num_chunk_splits: 52.
num_chunks_enlarged: 33.
num_inconsistent_stats: 0.

CodeHeap 'non-profiled nmethods': size=120064Kb used=461Kb max_used=461Kb free=119602Kb
 bounds [0x0000025372d40000, 0x0000025372fb0000, 0x000002537a280000]
CodeHeap 'profiled nmethods': size=120000Kb used=1745Kb max_used=1745Kb free=118254Kb
 bounds [0x000002536b280000, 0x000002536b4f0000, 0x00000253727b0000]
CodeHeap 'non-nmethods': size=5696Kb used=1390Kb max_used=1456Kb free=4305Kb
 bounds [0x00000253727b0000, 0x0000025372a20000, 0x0000025372d40000]
CodeCache: size=245760Kb, used=3596Kb, max_used=3662Kb, free=242161Kb
 total_blobs=1787, nmethods=1335, adapters=358, full_count=0
Compilation: enabled, stopped_count=0, restarted_count=0

Compilation events (20 events):
Event: 0.638 Thread 0x000002534110e220 nmethod 1329 0x000002536b431908 code [0x000002536b431a20, 0x000002536b431b50]
Event: 0.638 Thread 0x000002534110e220 1331   !   3       jdk.jfr.internal.Control::setValue (102 bytes)
Event: 0.638 Thread 0x00000253471a1110 1304       4       java.util.LinkedHashMap::get (29 bytes)
Event: 0.639 Thread 0x000002534110e220 nmethod 1331 0x000002536b431c08 code [0x000002536b431ea0, 0x000002536b4332f8]
Event: 0.639 Thread 0x000002534110e220 1330       3       java.lang.StringLatin1::getChar (9 bytes)
Event: 0.639 Thread 0x000002534110e220 nmethod 1330 0x000002536b433388 code [0x000002536b4334a0, 0x000002536b4335c0]
Event: 0.641 Thread 0x000002534110e220 1332       1       jdk.jfr.internal.periodic.EventTask::getEventType (5 bytes)
Event: 0.641 Thread 0x000002534110e220 nmethod 1332 0x0000025372dadb88 code [0x0000025372dadc80, 0x0000025372dadd48]
Event: 0.641 Thread 0x000002534110e220 1334       3       java.util.Comparator$$Lambda/0x0000025301073f88::compare (10 bytes)
Event: 0.642 Thread 0x000002534110e220 nmethod 1334 0x000002536b433688 code [0x000002536b4337e0, 0x000002536b433c68]
Event: 0.642 Thread 0x000002534110e220 1335       3       java.util.Comparator::lambda$comparingLong$6043328a$1 (18 bytes)
Event: 0.642 Thread 0x000002534110e220 nmethod 1335 0x000002536b433c88 code [0x000002536b433de0, 0x000002536b4341d8]
Event: 0.642 Thread 0x000002534110e220 1333       1       jdk.jfr.internal.periodic.PeriodicTask::getPeriod (5 bytes)
Event: 0.642 Thread 0x000002534110e220 nmethod 1333 0x0000025372dade88 code [0x0000025372dadf80, 0x0000025372dae048]
Event: 0.642 Thread 0x000002534110e220 1336       3       jdk.jfr.internal.Logger::shouldLog (17 bytes)
Event: 0.642 Thread 0x000002534110e220 nmethod 1336 0x000002536b434208 code [0x000002536b434320, 0x000002536b434468]
Event: 0.644 Thread 0x00000253471a1110 nmethod 1304 0x0000025372dae188 code [0x0000025372dae2e0, 0x0000025372dae8c0]
Event: 0.644 Thread 0x00000253471a1110 1307       4       java.util.HashSet::contains (9 bytes)
Event: 0.653 Thread 0x00000253471a1110 nmethod 1307 0x0000025372dae908 code [0x0000025372daea60, 0x0000025372daf0f0]
Event: 0.659 Thread 0x000002534167cbf0 nmethod 1302 0x0000025372daf188 code [0x0000025372daf4c0, 0x0000025372db35e8]

GC Heap History (0 events):
No events

Dll operation events (10 events):
Event: 0.033 Loaded shared library C:\Users\PC\.jdks\openjdk-24.0.1\bin\java.dll
Event: 0.064 Loaded shared library C:\Users\PC\.jdks\openjdk-24.0.1\bin\jsvml.dll
Event: 0.148 Loaded shared library C:\Users\PC\.jdks\openjdk-24.0.1\bin\zip.dll
Event: 0.152 Loaded shared library C:\Users\PC\.jdks\openjdk-24.0.1\bin\instrument.dll
Event: 0.156 Loaded shared library C:\Users\PC\.jdks\openjdk-24.0.1\bin\net.dll
Event: 0.158 Loaded shared library C:\Users\PC\.jdks\openjdk-24.0.1\bin\nio.dll
Event: 0.163 Loaded shared library C:\Users\PC\.jdks\openjdk-24.0.1\bin\zip.dll
Event: 0.192 Loaded shared library C:\Program Files\JetBrains\IntelliJ IDEA 2023.3.8\bin\breakgen64.dll
Event: 0.213 Loaded shared library C:\Users\PC\.jdks\openjdk-24.0.1\bin\extnet.dll
Event: 0.332 Loaded shared library C:\Users\PC\.jdks\openjdk-24.0.1\bin\jimage.dll

Deoptimization events (20 events):
Event: 0.599 Thread 0x000002535febe590 Uncommon trap: trap_request=0xffffffd6 fr.pc=0x0000025372da1e94 relative=0x00000000000006b4
Event: 0.599 Thread 0x000002535febe590 Uncommon trap: reason=array_check action=maybe_recompile pc=0x0000025372da1e94 method=jdk.internal.classfile.impl.SplitConstantPool.internalAdd(Ljava/lang/classfile/constantpool/PoolEntry;I)Ljava/lang/classfile/constantpool/PoolEntry; @ 46 c2
Event: 0.599 Thread 0x000002535febe590 DEOPT PACKING pc=0x0000025372da1e94 sp=0x000000e7f7afce60
Event: 0.599 Thread 0x000002535febe590 DEOPT UNPACKING pc=0x00000253728d5f02 sp=0x000000e7f7afce10 mode 2
Event: 0.599 Thread 0x000002535febe590 Uncommon trap: trap_request=0xffffffd6 fr.pc=0x0000025372da1e94 relative=0x00000000000006b4
Event: 0.599 Thread 0x000002535febe590 Uncommon trap: reason=array_check action=maybe_recompile pc=0x0000025372da1e94 method=jdk.internal.classfile.impl.SplitConstantPool.internalAdd(Ljava/lang/classfile/constantpool/PoolEntry;I)Ljava/lang/classfile/constantpool/PoolEntry; @ 46 c2
Event: 0.599 Thread 0x000002535febe590 DEOPT PACKING pc=0x0000025372da1e94 sp=0x000000e7f7afce60
Event: 0.599 Thread 0x000002535febe590 DEOPT UNPACKING pc=0x00000253728d5f02 sp=0x000000e7f7afce10 mode 2
Event: 0.599 Thread 0x000002535febe590 Uncommon trap: trap_request=0xffffffd6 fr.pc=0x0000025372da1e94 relative=0x00000000000006b4
Event: 0.599 Thread 0x000002535febe590 Uncommon trap: reason=array_check action=maybe_recompile pc=0x0000025372da1e94 method=jdk.internal.classfile.impl.SplitConstantPool.internalAdd(Ljava/lang/classfile/constantpool/PoolEntry;I)Ljava/lang/classfile/constantpool/PoolEntry; @ 46 c2
Event: 0.599 Thread 0x000002535febe590 DEOPT PACKING pc=0x0000025372da1e94 sp=0x000000e7f7afccd0
Event: 0.599 Thread 0x000002535febe590 DEOPT UNPACKING pc=0x00000253728d5f02 sp=0x000000e7f7afcc80 mode 2
Event: 0.599 Thread 0x000002535febe590 Uncommon trap: trap_request=0xffffffd6 fr.pc=0x0000025372da1e94 relative=0x00000000000006b4
Event: 0.599 Thread 0x000002535febe590 Uncommon trap: reason=array_check action=maybe_recompile pc=0x0000025372da1e94 method=jdk.internal.classfile.impl.SplitConstantPool.internalAdd(Ljava/lang/classfile/constantpool/PoolEntry;I)Ljava/lang/classfile/constantpool/PoolEntry; @ 46 c2
Event: 0.599 Thread 0x000002535febe590 DEOPT PACKING pc=0x0000025372da1e94 sp=0x000000e7f7afcc60
Event: 0.599 Thread 0x000002535febe590 DEOPT UNPACKING pc=0x00000253728d5f02 sp=0x000000e7f7afcc10 mode 2
Event: 0.616 Thread 0x000002535febe590 Uncommon trap: trap_request=0xffffff4d fr.pc=0x0000025372d9bb90 relative=0x00000000000000f0
Event: 0.616 Thread 0x000002535febe590 Uncommon trap: reason=unstable_if action=reinterpret pc=0x0000025372d9bb90 method=java.lang.Long.valueOf(J)Ljava/lang/Long; @ 9 c2
Event: 0.616 Thread 0x000002535febe590 DEOPT PACKING pc=0x0000025372d9bb90 sp=0x000000e7f7afdd80
Event: 0.616 Thread 0x000002535febe590 DEOPT UNPACKING pc=0x00000253728d5f02 sp=0x000000e7f7afdd18 mode 2

Classes loaded (20 events):
Event: 0.608 Loading class jdk/jfr/internal/MetadataWriter
Event: 0.608 Loading class jdk/jfr/internal/MetadataWriter done
Event: 0.608 Loading class jdk/jfr/internal/MetadataDescriptor$Element
Event: 0.608 Loading class jdk/jfr/internal/MetadataDescriptor$Element done
Event: 0.609 Loading class jdk/jfr/internal/MetadataDescriptor$Attribute
Event: 0.609 Loading class jdk/jfr/internal/MetadataDescriptor$Attribute done
Event: 0.619 Loading class jdk/jfr/internal/consumer/StringParser$Encoding
Event: 0.619 Loading class jdk/jfr/internal/consumer/StringParser$Encoding done
Event: 0.631 Loading class jdk/jfr/internal/consumer/RepositoryFiles
Event: 0.631 Loading class jdk/jfr/internal/consumer/RepositoryFiles done
Event: 0.634 Loading class jdk/jfr/internal/SettingsManager$InternalSetting
Event: 0.634 Loading class jdk/jfr/internal/SettingsManager$InternalSetting done
Event: 0.636 Loading class jdk/jfr/internal/util/Rate
Event: 0.636 Loading class jdk/jfr/internal/util/Rate done
Event: 0.636 Loading class jdk/jfr/internal/util/TimespanUnit
Event: 0.636 Loading class jdk/jfr/internal/util/TimespanUnit done
Event: 0.636 Loading class jdk/jfr/internal/util/ValueParser
Event: 0.636 Loading class jdk/jfr/internal/util/ValueParser done
Event: 0.638 Loading class jdk/jfr/internal/periodic/PeriodicType
Event: 0.638 Loading class jdk/jfr/internal/periodic/PeriodicType done

Classes unloaded (0 events):
No events

Classes redefined (0 events):
No events

Internal exceptions (20 events):
Event: 0.168 Thread 0x000002535febe590 Exception <a 'java/lang/NoSuchMethodError'{0x000000008d1e9900}: 'void java.lang.invoke.DirectMethodHandle$Holder.invokeStatic(java.lang.Object, java.lang.Object, java.lang.Object)'> (0x000000008d1e9900) 
thrown [s\open\src\hotspot\share\interpreter\linkResolver.cpp, line 805]
Event: 0.177 Thread 0x000002535febe590 Exception <a 'java/lang/NoSuchMethodError'{0x000000008d01e708}: 'java.lang.Object java.lang.invoke.Invokers$Holder.invokeExact_MT(java.lang.Object, java.lang.Object, java.lang.Object, java.lang.Object, java.lang.Object)'> (0x000000008d01e708) 
thrown [s\open\src\hotspot\share\interpreter\linkResolver.cpp, line 805]
Event: 0.208 Thread 0x000002535febe590 Exception <a 'java/lang/NoSuchMethodError'{0x000000008d030a70}: 'java.lang.Object java.lang.invoke.DirectMethodHandle$Holder.invokeStaticInit(java.lang.Object, java.lang.Object, java.lang.Object)'> (0x000000008d030a70) 
thrown [s\open\src\hotspot\share\interpreter\linkResolver.cpp, line 805]
Event: 0.210 Thread 0x00000253413a6810 Exception <a 'java/lang/NoSuchMethodError'{0x000000008d0891d0}: 'java.lang.Object java.lang.invoke.DirectMethodHandle$Holder.invokeStaticInit(java.lang.Object)'> (0x000000008d0891d0) 
thrown [s\open\src\hotspot\share\interpreter\linkResolver.cpp, line 805]
Event: 0.216 Thread 0x00000253413a6810 Exception <a 'java/lang/NoSuchMethodError'{0x000000008d093de0}: 'void java.lang.invoke.DirectMethodHandle$Holder.invokeStatic(java.lang.Object, java.lang.Object)'> (0x000000008d093de0) 
thrown [s\open\src\hotspot\share\interpreter\linkResolver.cpp, line 805]
Event: 0.409 Thread 0x000002535febe590 Implicit null exception at 0x0000025372d6d956 to 0x0000025372d6d9f6
Event: 0.410 Thread 0x000002535febe590 Implicit null exception at 0x0000025372d5b11d to 0x0000025372d5b19d
Event: 0.421 Thread 0x000002535febe590 Exception <a 'java/lang/NoSuchMethodError'{0x000000008c98f988}: 'void java.lang.invoke.DirectMethodHandle$Holder.invokeStaticInit(java.lang.Object)'> (0x000000008c98f988) 
thrown [s\open\src\hotspot\share\interpreter\linkResolver.cpp, line 805]
Event: 0.432 Thread 0x000002535febe590 Exception <a 'java/lang/NoSuchMethodError'{0x000000008c800c98}: 'void java.lang.invoke.DirectMethodHandle$Holder.invokeSpecial(java.lang.Object, java.lang.Object, java.lang.Object)'> (0x000000008c800c98) 
thrown [s\open\src\hotspot\share\interpreter\linkResolver.cpp, line 805]
Event: 0.444 Thread 0x000002535febe590 Exception <a 'java/lang/NoSuchMethodError'{0x000000008c868278}: 'java.lang.Object java.lang.invoke.DirectMethodHandle$Holder.newInvokeSpecial(java.lang.Object, java.lang.Object, java.lang.Object, java.lang.Object, java.lang.Object)'> (0x000000008c868278) 
thrown [s\open\src\hotspot\share\interpreter\linkResolver.cpp, line 805]
Event: 0.483 Thread 0x000002535febe590 Exception <a 'java/lang/NoSuchMethodError'{0x000000008c7ff900}: 'long java.lang.invoke.DirectMethodHandle$Holder.invokeVirtual(java.lang.Object, java.lang.Object)'> (0x000000008c7ff900) 
thrown [s\open\src\hotspot\share\interpreter\linkResolver.cpp, line 805]
Event: 0.535 Thread 0x000002535febe590 Exception <a 'java/lang/NoSuchMethodError'{0x000000008c454b48}: 'int java.lang.invoke.DirectMethodHandle$Holder.invokeSpecial(java.lang.Object, java.lang.Object, java.lang.Object)'> (0x000000008c454b48) 
thrown [s\open\src\hotspot\share\interpreter\linkResolver.cpp, line 805]
Event: 0.587 Thread 0x000002535febe590 Exception <a 'java/lang/NoSuchMethodError'{0x000000008c225198}: 'void java.lang.invoke.DirectMethodHandle$Holder.invokeSpecial(java.lang.Object, java.lang.Object, int)'> (0x000000008c225198) 
thrown [s\open\src\hotspot\share\interpreter\linkResolver.cpp, line 805]
Event: 0.587 Thread 0x000002535febe590 Exception <a 'java/lang/NoSuchMethodError'{0x000000008c22cdb8}: 'void java.lang.invoke.Invokers$Holder.invokeExact_MT(java.lang.Object, int, java.lang.Object)'> (0x000000008c22cdb8) 
thrown [s\open\src\hotspot\share\interpreter\linkResolver.cpp, line 805]
Event: 0.590 Thread 0x000002535febe590 Exception <a 'java/lang/NoSuchMethodError'{0x000000008c247668}: 'void java.lang.invoke.DirectMethodHandle$Holder.invokeStatic(java.lang.Object, java.lang.Object, int)'> (0x000000008c247668) 
thrown [s\open\src\hotspot\share\interpreter\linkResolver.cpp, line 805]
Event: 0.591 Thread 0x000002535febe590 Exception <a 'java/lang/NoSuchMethodError'{0x000000008c256758}: 'java.lang.Object java.lang.invoke.DirectMethodHandle$Holder.newInvokeSpecial(java.lang.Object, java.lang.Object, int)'> (0x000000008c256758) 
thrown [s\open\src\hotspot\share\interpreter\linkResolver.cpp, line 805]
Event: 0.592 Thread 0x00000253471b1f40 Exception <a 'java/lang/NoSuchMethodError'{0x000000008c281328}: 'long java.lang.invoke.DirectMethodHandle$Holder.invokeSpecial(java.lang.Object, java.lang.Object)'> (0x000000008c281328) 
thrown [s\open\src\hotspot\share\interpreter\linkResolver.cpp, line 805]
Event: 0.597 Thread 0x000002535febe590 Exception <a 'sun/nio/fs/WindowsException'{0x000000008c10b890}> (0x000000008c10b890) 
thrown [s\open\src\hotspot\share\prims\jni.cpp, line 518]
Event: 0.600 Thread 0x000002535febe590 Exception <a 'sun/nio/fs/WindowsException'{0x000000008c118710}> (0x000000008c118710) 
thrown [s\open\src\hotspot\share\prims\jni.cpp, line 518]
Event: 0.604 Thread 0x000002535febe590 Exception <a 'sun/nio/fs/WindowsException'{0x000000008c12a3a0}> (0x000000008c12a3a0) 
thrown [s\open\src\hotspot\share\prims\jni.cpp, line 518]

VM Operations (8 events):
Event: 0.134 Executing VM operation: HandshakeAllThreads (Deoptimize)
Event: 0.134 Executing VM operation: HandshakeAllThreads (Deoptimize) done
Event: 0.593 Executing VM operation: HandshakeAllThreads (Deoptimize)
Event: 0.593 Executing VM operation: HandshakeAllThreads (Deoptimize) done
Event: 0.595 Executing VM operation: HandshakeAllThreads (Deoptimize)
Event: 0.595 Executing VM operation: HandshakeAllThreads (Deoptimize) done
Event: 0.632 Executing VM operation: JFRSafepointClear
Event: 0.632 Executing VM operation: JFRSafepointClear done

Memory protections (0 events):
No events

Nmethod flushes (0 events):
No events

Events (17 events):
Event: 0.048 Thread 0x000002535febe590 Thread added: 0x000002535febe590
Event: 0.061 Thread 0x000002535febe590 Thread added: 0x00000253410f6560
Event: 0.061 Thread 0x000002535febe590 Thread added: 0x00000253410f8ed0
Event: 0.061 Thread 0x000002535febe590 Thread added: 0x00000253410fadc0
Event: 0.061 Thread 0x000002535febe590 Thread added: 0x00000253410fcd80
Event: 0.061 Thread 0x000002535febe590 Thread added: 0x00000253410fdad0
Event: 0.061 Thread 0x000002535febe590 Thread added: 0x0000025341102db0
Event: 0.061 Thread 0x000002535febe590 Thread added: 0x000002534110ac80
Event: 0.061 Thread 0x000002535febe590 Thread added: 0x000002534110e220
Event: 0.144 Thread 0x000002534110e220 Thread added: 0x0000025341301000
Event: 0.154 Thread 0x000002535febe590 Thread added: 0x0000025341369cb0
Event: 0.195 Thread 0x000002535febe590 Thread added: 0x00000253413a6810
Event: 0.289 Thread 0x0000025341301000 Thread exited: 0x0000025341301000
Event: 0.339 Thread 0x000002534110e220 Thread added: 0x000002534167cbf0
Event: 0.417 Thread 0x000002535febe590 Thread added: 0x000002534604ab70
Event: 0.501 Thread 0x000002534110e220 Thread added: 0x00000253471a1110
Event: 0.592 Thread 0x000002535febe590 Thread added: 0x00000253471b1f40


Dynamic libraries:
0x00007ff7c3860000 - 0x00007ff7c386e000 	C:\Users\PC\.jdks\openjdk-24.0.1\bin\java.exe
0x00007ffc514c0000 - 0x00007ffc51727000 	C:\WINDOWS\SYSTEM32\ntdll.dll
0x00007ffc50db0000 - 0x00007ffc50e79000 	C:\WINDOWS\System32\KERNEL32.DLL
0x00007ffc4e990000 - 0x00007ffc4ed80000 	C:\WINDOWS\System32\KERNELBASE.dll
0x00007ffc4ee40000 - 0x00007ffc4ef8b000 	C:\WINDOWS\System32\ucrtbase.dll
0x00007ffc44cf0000 - 0x00007ffc44d0b000 	C:\Users\PC\.jdks\openjdk-24.0.1\bin\VCRUNTIME140.dll
0x00007ffc44d10000 - 0x00007ffc44d26000 	C:\Users\PC\.jdks\openjdk-24.0.1\bin\jli.dll
0x00007ffc4f2c0000 - 0x00007ffc4f485000 	C:\WINDOWS\System32\USER32.dll
0x00007ffc1a9f0000 - 0x00007ffc1ac8a000 	C:\WINDOWS\WinSxS\amd64_microsoft.windows.common-controls_6595b64144ccf1df_6.0.26100.4768_none_3e0c112ce331287c\COMCTL32.dll
0x00007ffc4e8c0000 - 0x00007ffc4e8e7000 	C:\WINDOWS\System32\win32u.dll
0x00007ffc4f820000 - 0x00007ffc4f8c9000 	C:\WINDOWS\System32\msvcrt.dll
0x00007ffc500e0000 - 0x00007ffc5010b000 	C:\WINDOWS\System32\GDI32.dll
0x00007ffc4ef90000 - 0x00007ffc4f0c8000 	C:\WINDOWS\System32\gdi32full.dll
0x00007ffc4ed90000 - 0x00007ffc4ee33000 	C:\WINDOWS\System32\msvcp_win.dll
0x00007ffc50890000 - 0x00007ffc508bf000 	C:\WINDOWS\System32\IMM32.DLL
0x00007ffc1f560000 - 0x00007ffc1f56c000 	C:\Users\PC\.jdks\openjdk-24.0.1\bin\vcruntime140_1.dll
0x00007ffc1f4d0000 - 0x00007ffc1f55e000 	C:\Users\PC\.jdks\openjdk-24.0.1\bin\msvcp140.dll
0x00007ffba6d20000 - 0x00007ffba7ac2000 	C:\Users\PC\.jdks\openjdk-24.0.1\bin\server\jvm.dll
0x00007ffc4f8d0000 - 0x00007ffc4f984000 	C:\WINDOWS\System32\ADVAPI32.dll
0x00007ffc507e0000 - 0x00007ffc50886000 	C:\WINDOWS\System32\sechost.dll
0x00007ffc50950000 - 0x00007ffc50a68000 	C:\WINDOWS\System32\RPCRT4.dll
0x00007ffc50d20000 - 0x00007ffc50d94000 	C:\WINDOWS\System32\WS2_32.dll
0x00007ffc4e470000 - 0x00007ffc4e4ce000 	C:\WINDOWS\SYSTEM32\POWRPROF.dll
0x00007ffc472b0000 - 0x00007ffc472bb000 	C:\WINDOWS\SYSTEM32\VERSION.dll
0x00007ffc3b280000 - 0x00007ffc3b2b5000 	C:\WINDOWS\SYSTEM32\WINMM.dll
0x00007ffc4e450000 - 0x00007ffc4e464000 	C:\WINDOWS\SYSTEM32\UMPDC.dll
0x00007ffc4d370000 - 0x00007ffc4d38b000 	C:\WINDOWS\SYSTEM32\kernel.appcore.dll
0x00007ffc1f4c0000 - 0x00007ffc1f4ca000 	C:\Users\PC\.jdks\openjdk-24.0.1\bin\jimage.dll
0x00007ffc4baf0000 - 0x00007ffc4bd31000 	C:\WINDOWS\SYSTEM32\DBGHELP.DLL
0x00007ffc4f490000 - 0x00007ffc4f815000 	C:\WINDOWS\System32\combase.dll
0x00007ffc50b70000 - 0x00007ffc50c50000 	C:\WINDOWS\System32\OLEAUT32.dll
0x00007ffc311a0000 - 0x00007ffc311e3000 	C:\WINDOWS\SYSTEM32\dbgcore.DLL
0x00007ffc4e8f0000 - 0x00007ffc4e989000 	C:\WINDOWS\System32\bcryptPrimitives.dll
0x00007ffc44ef0000 - 0x00007ffc44eff000 	C:\Users\PC\.jdks\openjdk-24.0.1\bin\instrument.dll
0x00007ffc1f4a0000 - 0x00007ffc1f4be000 	C:\Users\PC\.jdks\openjdk-24.0.1\bin\java.dll
0x00007ffc503b0000 - 0x00007ffc50550000 	C:\WINDOWS\System32\ole32.dll
0x00007ffc4f990000 - 0x00007ffc500dd000 	C:\WINDOWS\System32\SHELL32.dll
0x00007ffc4e740000 - 0x00007ffc4e8b3000 	C:\WINDOWS\System32\wintypes.dll
0x00007ffc14300000 - 0x00007ffc14570000 	C:\Users\PC\AppData\Local\Temp\idea_libasyncProfiler_dll_temp_folder\libasyncProfiler.dll
0x00007ffc4c1f0000 - 0x00007ffc4ca4f000 	C:\WINDOWS\SYSTEM32\windows.storage.dll
0x00007ffc50260000 - 0x00007ffc50355000 	C:\WINDOWS\System32\SHCORE.dll
0x00007ffc4f250000 - 0x00007ffc4f2ba000 	C:\WINDOWS\System32\shlwapi.dll
0x00007ffc4e510000 - 0x00007ffc4e539000 	C:\WINDOWS\SYSTEM32\profapi.dll
0x00007ffba6c40000 - 0x00007ffba6d17000 	C:\Users\PC\.jdks\openjdk-24.0.1\bin\jsvml.dll
0x00007ffc1f450000 - 0x00007ffc1f467000 	C:\Users\PC\.jdks\openjdk-24.0.1\bin\zip.dll
0x00007ffc1f490000 - 0x00007ffc1f4a0000 	C:\Users\PC\.jdks\openjdk-24.0.1\bin\net.dll
0x00007ffc4d900000 - 0x00007ffc4d96b000 	C:\WINDOWS\system32\mswsock.dll
0x00007ffc1f470000 - 0x00007ffc1f486000 	C:\Users\PC\.jdks\openjdk-24.0.1\bin\nio.dll
0x00007ffc3d900000 - 0x00007ffc3d91a000 	C:\Program Files\JetBrains\IntelliJ IDEA 2023.3.8\bin\breakgen64.dll
0x00007ffc1f440000 - 0x00007ffc1f449000 	C:\Users\PC\.jdks\openjdk-24.0.1\bin\extnet.dll

JVMTI agents:
C:\Program Files\JetBrains\IntelliJ IDEA 2023.3.8\lib\idea_rt.jar path:C:\Users\PC\.jdks\openjdk-24.0.1\bin\instrument.dll, loaded, initialized, instrumentlib options:64393:C:\Program Files\JetBrains\IntelliJ IDEA 2023.3.8\bin
C:\Users\PC\AppData\Local\Temp\idea_libasyncProfiler_dll_temp_folder\libasyncProfiler.dll path:C:\Users\PC\AppData\Local\Temp\idea_libasyncProfiler_dll_temp_folder\libasyncProfiler.dll, loaded, initialized, options:start,jfr,event=wall,interval=10ms,jfrsync=profile,cstack=no,file=C:\Users\PC\IdeaSnapshots\PostRepositoryTest_2025_08_15_085019.jfr,log=C:\Users\PC\AppData\Local\Temp\PostRepositoryTest_2025_08_15_085019.jfr.log.txt,logLevel=DEBUG

dbghelp: loaded successfully - version: 4.0.5 - missing functions: none
symbol engine: initialized successfully - sym options: 0x614 - pdb path: .;C:\Users\PC\.jdks\openjdk-24.0.1\bin;C:\WINDOWS\SYSTEM32;C:\WINDOWS\WinSxS\amd64_microsoft.windows.common-controls_6595b64144ccf1df_6.0.26100.4768_none_3e0c112ce331287c;C:\Users\PC\.jdks\openjdk-24.0.1\bin\server;C:\Users\PC\AppData\Local\Temp\idea_libasyncProfiler_dll_temp_folder;C:\Program Files\JetBrains\IntelliJ IDEA 2023.3.8\bin

VM Arguments:
jvm_args: -ea -Didea.test.cyclic.buffer.size=1048576 -javaagent:C:\Program Files\JetBrains\IntelliJ IDEA 2023.3.8\lib\idea_rt.jar=64393:C:\Program Files\JetBrains\IntelliJ IDEA 2023.3.8\bin -agentpath:C:\Users\PC\AppData\Local\Temp\idea_libasyncProfiler_dll_temp_folder\libasyncProfiler.dll=start,jfr,event=wall,interval=10ms,jfrsync=profile,cstack=no,file=C:\Users\PC\IdeaSnapshots\PostRepositoryTest_2025_08_15_085019.jfr,log=C:\Users\PC\AppData\Local\Temp\PostRepositoryTest_2025_08_15_085019.jfr.log.txt,logLevel=DEBUG -Dfile.encoding=UTF-8 -Dsun.stdout.encoding=UTF-8 -Dsun.stderr.encoding=UTF-8 
java_command: com.intellij.rt.junit.JUnitStarter -ideVersion5 -junit5 sv.edu.udb.repository.PostRepositoryTest
java_class_path (initial): C:\Users\PC\.m2\repository\org\junit\platform\junit-platform-launcher\1.12.2\junit-platform-launcher-1.12.2.jar;C:\Program Files\JetBrains\IntelliJ IDEA 2023.3.8\lib\idea_rt.jar;C:\Program Files\JetBrains\IntelliJ IDEA 2023.3.8\plugins\junit\lib\junit5-rt.jar;C:\Program Files\JetBrains\IntelliJ IDEA 2023.3.8\plugins\junit\lib\junit-rt.jar;C:\Users\PC\Documents\spring-database-hibernate\spring-database-hibernate\target\test-classes;C:\Users\PC\Documents\spring-database-hibernate\spring-database-hibernate\target\classes;C:\Users\PC\.m2\repository\org\springframework\boot\spring-boot-starter\3.5.4\spring-boot-starter-3.5.4.jar;C:\Users\PC\.m2\repository\org\springframework\boot\spring-boot\3.5.4\spring-boot-3.5.4.jar;C:\Users\PC\.m2\repository\org\springframework\spring-context\6.2.9\spring-context-6.2.9.jar;C:\Users\PC\.m2\repository\org\springframework\boot\spring-boot-autoconfigure\3.5.4\spring-boot-autoconfigure-3.5.4.jar;C:\Users\PC\.m2\repository\org\springframework\boot\spring-boot-starter-logging\3.5.4\spring-boot-starter-logging-3.5.4.jar;C:\Users\PC\.m2\repository\ch\qos\logback\logback-classic\1.5.18\logback-classic-1.5.18.jar;C:\Users\PC\.m2\repository\ch\qos\logback\logback-core\1.5.18\logback-core-1.5.18.jar;C:\Users\PC\.m2\repository\org\apache\logging\log4j\log4j-to-slf4j\2.24.3\log4j-to-slf4j-2.24.3.jar;C:\Users\PC\.m2\repository\org\apache\logging\log4j\log4j-api\2.24.3\log4j-api-2.24.3.jar;C:\Users\PC\.m2\repository\org\slf4j\jul-to-slf4j\2.0.17\jul-to-slf4j-2.0.17.jar;C:\Users\PC\.m2\repository\jakarta\annotation\jakarta.annotation-api\2.1.1\jakarta.annotation-api-2.1.1.jar;C:\Users\PC\.m2\repository\org\springframework\spring-core\6.2.9\spring-core-6.2.9.jar;C:\Users\PC\.m2\repository\org\springframework\spring-jcl\6.2.9\spring-jcl-6.2.9.jar;C:\Users\PC\.m2\repository\org\yaml\snakeyaml\2.4\snakeyaml-2.4.jar;C:\Users\PC\.m2\repository\org\projectlombok\lombok\1.18.38\lombok-1.18.38.jar;C:\Users\PC\.m2\repository\org\springframework\boot\spring-boot-starter-test\3.5.4\spring-boot-starter-test-3.5.4.jar;C:\Users\PC\.m2\repository\org\springframework\boot\spring-boot-test\3.5.4\spring-boot-test-3.5.4.jar;C:\Users\PC\.m2\repository\org\springframework\boot\spring-boot-test-autoconfigure\3.5.4\spring-boot-test-autoconfigure-3.5.4.jar;C:\Users\PC\.m2\repository\com\jayway\jsonpath\json-path\2.9.0\json-path-2.9.0.jar;C:\Users\PC\.m2\repository\org\slf4j\slf4j-api\2.0.17\slf4j-api-2.0.17.jar;C:\Users\PC\.m2\repository\jakarta\xml\bind\jakarta.xml.bind-api\4.0.2\jakarta.xml.bind-api-4.0.2.jar;C:\Users\PC\.m2\repository\jakarta\activation\jakarta.activation-api\2.1.3\jakarta.activation-api-2.1.3.jar;C:\Users\PC\.m2\repository\net\minidev\json-smart\2.5.2\json-smart-2.5.2.jar;C:\Users\PC\.m2\repository\net\minidev\accessors-smart\2.5.2\accessors-smart-2.5.2.jar;C:\Users\PC\.m2\repository\org\ow2\asm\asm\9.7.1\asm-9.7.1.jar;C:\Users\PC\.m2\repository\org\assertj\assertj-core\3.27.3\assertj-core-3.27.3.jar;C:\Users\PC\.m2\repository\org\awaitility\awaitility\4.2.2\awaitility-4.2.2.jar;C:\Users\PC\.m2\repository\org\hamcrest\hamcrest\3.0\hamcrest-3.0.jar;C:\Users\PC\.m2\repository\org\junit\jupiter\junit-jupiter\5.12.2\junit-jupiter-5.12.2.jar;C:\Users\PC\.m2\repository\org\junit\jupiter\junit-jupiter-api\5.12.2\junit-jupiter-api-5.12.2.jar;C:\Users\PC\.m2\repository\org\opentest4j\opentest4j\1.3.0\opentest4j-1.3.0.jar;C:\Users\PC\.m2\repository\org\junit\platform\junit-platform-commons\1.12.2\junit-platform-commons-1.12.2.jar;C:\Users\PC\.m2\repository\org\apiguardian\apiguardian-api\1.1.2\apiguardian-api-1.1.2.jar;C:\Users\PC\.m2\repository\org\junit\jupiter\junit-jupiter-params\5.12.2\junit-jupiter-params-5.12.2.jar;C:\Users\PC\.m2\repository\org\junit\jupiter\junit-jupiter-engine\5.12.2\junit-jupiter-engine-5.12.2.jar;C:\Users\PC\.m2\repository\org\junit\platform\junit-platform-engine\1.12.2\junit-platform-engine-1.12.2.jar;C:\Users\PC\.m2\repository\org\mockito\mockito-core\5.17.0\mockito-core-5.17.0.jar;C:\Users\PC\.m2\repository\net\bytebuddy\byte-buddy-agent\1.17.6\byte-buddy-agent-1.17.6.jar;C:\Users\PC\.m2\repository\org\objenesis\objenesis\3.3\objenesis-3.3.jar;C:\Users\PC\.m2\repository\org\mockito\mockito-junit-jupiter\5.17.0\mockito-junit-jupiter-5.17.0.jar;C:\Users\PC\.m2\repository\org\skyscreamer\jsonassert\1.5.3\jsonassert-1.5.3.jar;C:\Users\PC\.m2\repository\com\vaadin\external\google\android-json\0.0.20131108.vaadin1\android-json-0.0.20131108.vaadin1.jar;C:\Users\PC\.m2\repository\org\springframework\spring-test\6.2.9\spring-test-6.2.9.jar;C:\Users\PC\.m2\repository\org\xmlunit\xmlunit-core\2.10.3\xmlunit-core-2.10.3.jar;C:\Users\PC\.m2\repository\org\springframework\boot\spring-boot-starter-web\3.5.4\spring-boot-starter-web-3.5.4.jar;C:\Users\PC\.m2\repository\org\springframework\boot\spring-boot-starter-json\3.5.4\spring-boot-starter-json-3.5.4.jar;C:\Users\PC\.m2\repository\com\fasterxml\jackson\core\jackson-databind\2.19.2\jackson-databind-2.19.2.jar;C:\Users\PC\.m2\repository\com\fasterxml\jackson\core\jackson-annotations\2.19.2\jackson-annotations-2.19.2.jar;C:\Users\PC\.m2\repository\com\fasterxml\jackson\core\jackson-core\2.19.2\jackson-core-2.19.2.jar;C:\Users\PC\.m2\repository\com\fasterxml\jackson\datatype\jackson-datatype-jdk8\2.19.2\jackson-datatype-jdk8-2.19.2.jar;C:\Users\PC\.m2\repository\com\fasterxml\jackson\datatype\jackson-datatype-jsr310\2.19.2\jackson-datatype-jsr310-2.19.2.jar;C:\Users\PC\.m2\repository\com\fasterxml\jackson\module\jackson-module-parameter-names\2.19.2\jackson-module-parameter-names-2.19.2.jar;C:\Users\PC\.m2\repository\org\springframework\boot\spring-boot-starter-tomcat\3.5.4\spring-boot-starter-tomcat-3.5.4.jar;C:\Users\PC\.m2\repository\org\apache\tomcat\embed\tomcat-embed-core\10.1.43\tomcat-embed-core-10.1.43.jar;C:\Users\PC\.m2\repository\org\apache\tomcat\embed\tomcat-embed-el\10.1.43\tomcat-embed-el-10.1.43.jar;C:\Users\PC\.m2\repository\org\apache\tomcat\embed\tomcat-embed-websocket\10.1.43\tomcat-embed-websocket-10.1.43.jar;C:\Users\PC\.m2\repository\org\springframework\spring-web\6.2.9\spring-web-6.2.9.jar;C:\Users\PC\.m2\repository\io\micrometer\micrometer-observation\1.15.2\micrometer-observation-1.15.2.jar;C:\Users\PC\.m2\repository\io\micrometer\micrometer-commons\1.15.2\micrometer-commons-1.15.2.jar;C:\Users\PC\.m2\repository\org\springframework\spring-webmvc\6.2.9\spring-webmvc-6.2.9.jar;C:\Users\PC\.m2\repository\org\springframework\spring-aop\6.2.9\spring-aop-6.2.9.jar;C:\Users\PC\.m2\repository\org\springframework\spring-expression\6.2.9\spring-expression-6.2.9.jar;C:\Users\PC\.m2\repository\org\hibernate\orm\hibernate-core\6.5.2.Final\hibernate-core-6.5.2.Final.jar;C:\Users\PC\.m2\repository\jakarta\persistence\jakarta.persistence-api\3.1.0\jakarta.persistence-api-3.1.0.jar;C:\Users\PC\.m2\repository\jakarta\transaction\jakarta.transaction-api\2.0.1\jakarta.transaction-api-2.0.1.jar;C:\Users\PC\.m2\repository\org\jboss\logging\jboss-logging\3.6.1.Final\jboss-logging-3.6.1.Final.jar;C:\Users\PC\.m2\repository\org\hibernate\common\hibernate-commons-annotations\6.0.6.Final\hibernate-commons-annotations-6.0.6.Final.jar;C:\Users\PC\.m2\repository\io\smallrye\jandex\3.1.2\jandex-3.1.2.jar;C:\Users\PC\.m2\repository\com\fasterxml\classmate\1.7.0\classmate-1.7.0.jar;C:\Users\PC\.m2\repository\net\bytebuddy\byte-buddy\1.17.6\byte-buddy-1.17.6.jar;C:\Users\PC\.m2\repository\org\glassfish\jaxb\jaxb-runtime\4.0.5\jaxb-runtime-4.0.5.jar;C:\Users\PC\.m2\repository\org\glassfish\jaxb\jaxb-core\4.0.5\jaxb-core-4.0.5.jar;C:\Users\PC\.m2\repository\org\eclipse\angus\angus-activation\2.0.2\angus-activation-2.0.2.jar;C:\Users\PC\.m2\repository\org\glassfish\jaxb\txw2\4.0.5\txw2-4.0.5.jar;C:\Users\PC\.m2\repository\com\sun\istack\istack-commons-runtime\4.1.2\istack-commons-runtime-4.1.2.jar;C:\Users\PC\.m2\repository\jakarta\inject\jakarta.inject-api\2.0.1\jakarta.inject-api-2.0.1.jar;C:\Users\PC\.m2\repository\org\antlr\antlr4-runtime\4.13.0\antlr4-runtime-4.13.0.jar;C:\Users\PC\.m2\repository\org\springframework\spring-orm\6.1.11\spring-orm-6.1.11.jar;C:\Users\PC\.m2\repository\org\springframework\spring-beans\6.2.9\spring-beans-6.2.9.jar;C:\Users\PC\.m2\repository\org\springframework\spring-jdbc\6.2.9\spring-jdbc-6.2.9.jar;C:\Users\PC\.m2\repository\org\springframework\spring-tx\6.2.9\spring-tx-6.2.9.jar;C:\Users\PC\.m2\repository\org\springframework\boot\spring-boot-starter-data-jpa\3.5.4\spring-boot-starter-data-jpa-3.5.4.jar;C:\Users\PC\.m2\repository\org\springframework\boot\spring-boot-starter-jdbc\3.5.4\spring-boot-starter-jdbc-3.5.4.jar;C:\Users\PC\.m2\repository\com\zaxxer\HikariCP\6.3.1\HikariCP-6.3.1.jar;C:\Users\PC\.m2\repository\org\springframework\data\spring-data-jpa\3.5.2\spring-data-jpa-3.5.2.jar;C:\Users\PC\.m2\repository\org\springframework\data\spring-data-commons\3.5.2\spring-data-commons-3.5.2.jar;C:\Users\PC\.m2\repository\org\springframework\spring-aspects\6.2.9\spring-aspects-6.2.9.jar;C:\Users\PC\.m2\repository\org\aspectj\aspectjweaver\1.9.24\aspectjweaver-1.9.24.jar;C:\Users\PC\.m2\repository\com\h2database\h2\2.3.232\h2-2.3.232.jar
Launcher Type: SUN_STANDARD

[Global flags]
     intx CICompilerCount                          = 4                                         {product} {ergonomic}
     uint ConcGCThreads                            = 2                                         {product} {ergonomic}
     bool FlightRecorder                           = true                                      {product} {management}
     uint G1ConcRefinementThreads                  = 8                                         {product} {ergonomic}
   size_t G1HeapRegionSize                         = 1048576                                   {product} {ergonomic}
   size_t InitialHeapSize                          = 130023424                                 {product} {ergonomic}
   size_t MarkStackSize                            = 4194304                                   {product} {ergonomic}
   size_t MarkStackSizeMax                         = 536870912                                 {product} {ergonomic}
   size_t MaxHeapSize                              = 2055208960                                {product} {ergonomic}
   size_t MaxNewSize                               = 1233125376                                {product} {ergonomic}
   size_t MinHeapDeltaBytes                        = 1048576                                   {product} {ergonomic}
   size_t MinHeapSize                              = 8388608                                   {product} {ergonomic}
    uintx NonNMethodCodeHeapSize                   = 5832704                                {pd product} {ergonomic}
    uintx NonProfiledCodeHeapSize                  = 122945536                              {pd product} {ergonomic}
    uintx ProfiledCodeHeapSize                     = 122880000                              {pd product} {ergonomic}
    uintx ReservedCodeCacheSize                    = 251658240                              {pd product} {ergonomic}
     bool SegmentedCodeCache                       = true                                      {product} {ergonomic}
   size_t SoftMaxHeapSize                          = 2055208960                             {manageable} {ergonomic}
     bool UseCompressedOops                        = true                           {product lp64_product} {ergonomic}
     bool UseG1GC                                  = true                                      {product} {ergonomic}
     bool UseLargePagesIndividualAllocation        = false                                  {pd product} {ergonomic}

Logging:
Log output configuration:
 #0: stdout all=warning uptime,level,tags foldmultilines=false
 #1: stderr all=off uptime,level,tags foldmultilines=false

Environment Variables:
PATH=C:\maven-mvnd-1.0.2-windows-amd64;C:\apache-tomcat-9.0.106-windows-x64;C:\Program Files\Common Files\Oracle\Java\javapath;C:\WINDOWS\system32;C:\WINDOWS;C:\WINDOWS\System32\Wbem;C:\WINDOWS\System32\WindowsPowerShell\v1.0\;C:\WINDOWS\System32\OpenSSH\;C:\Users\PC\AppData\Local\Programs\Python\Python313\Scripts\;C:\Users\PC\AppData\Local\Programs\Python\Python313\;C:\apache-tomcat-9.0.106-windows-x64;C:\maven-mvnd-1.0.2-windows-amd64;C:\Users\PC\AppData\Local\Programs\Microsoft VS Code\bin;C:\Users\PC\AppData\Local\GitHubDesktop\bin;C:\ProgramData\PC\GitHubDesktop\bin;
USERNAME=PC
OS=Windows_NT
PROCESSOR_IDENTIFIER=Intel64 Family 6 Model 140 Stepping 1, GenuineIntel
TMP=C:\Users\PC\AppData\Local\Temp
TEMP=C:\Users\PC\AppData\Local\Temp




Periodic native trim disabled

---------------  S Y S T E M  ---------------

OS:
 Windows 11 , 64 bit Build 26100 (10.0.26100.4768)
OS uptime: 11 days 18:24 hours

CPU: total 8 (initial active 8) (4 cores per cpu, 2 threads per core) family 6 model 140 stepping 1 microcode 0xb4, cx8, cmov, fxsr, ht, mmx, 3dnowpref, sse, sse2, sse3, ssse3, sse4.1, sse4.2, popcnt, lzcnt, tsc, tscinvbit, avx, avx2, aes, erms, clmul, bmi1, bmi2, adx, avx512f, avx512dq, avx512cd, avx512bw, avx512vl, sha, fma, vzeroupper, avx512_vpopcntdq, avx512_vpclmulqdq, avx512_vaes, avx512_vnni, clflush, clflushopt, clwb, avx512_vbmi2, avx512_vbmi, rdtscp, rdpid, fsrm, gfni, avx512_bitalg, f16c, pku, cet_ibt, cet_ss, avx512_ifma
Processor Information for processor 0
  Max Mhz: 2401, Current Mhz: 2401, Mhz Limit: 2401
Processor Information for processor 1
  Max Mhz: 2401, Current Mhz: 2401, Mhz Limit: 2401
Processor Information for processor 2
  Max Mhz: 2401, Current Mhz: 2401, Mhz Limit: 2401
Processor Information for processor 3
  Max Mhz: 2401, Current Mhz: 1100, Mhz Limit: 2401
Processor Information for processor 4
  Max Mhz: 2401, Current Mhz: 2401, Mhz Limit: 2401
Processor Information for processor 5
  Max Mhz: 2401, Current Mhz: 1100, Mhz Limit: 2401
Processor Information for processor 6
  Max Mhz: 2401, Current Mhz: 2401, Mhz Limit: 2401
Processor Information for processor 7
  Max Mhz: 2401, Current Mhz: 2401, Mhz Limit: 2401

Memory: 4k page, system-wide physical 7834M (1046M free)
TotalPageFile size 12954M (AvailPageFile size 1288M)
current process WorkingSet (physical memory assigned to process): 94M, peak: 94M
current process commit charge ("private bytes"): 262M, peak: 262M

vm_info: OpenJDK 64-Bit Server VM (24.0.1+9-30) for windows-amd64 JRE (24.0.1+9-30), built on 2025-03-05T07:23:45Z with MS VC++ 17.6 (VS2022)

END.
